irun(64): 15.20-s051: (c) Copyright 1995-2018 Cadence Design Systems, Inc.
TOOL:	irun(64)	15.20-s051: Started on Mar 19, 2019 at 08:07:47 IST
irun
	-access +rwc
	-f fifo_tb.sv
		module
		fifo_tb;
		reg
		clk,
		reset,
		write_en,
		read_en;
		reg
		[7:0]
		data_in;
		wire
		[7:0]
		data_out;
		wire
		full,
		empty;
		sync_fifo
		uut
		(
		.clk(clk),
		.reset(reset),
		.write_en(write_en),
		.read_en(read_en),
		.data_in(data_in),
		.data_out(data_out),
		.full(full),
		.empty(empty)
		);
		always
		initial
		begin
		$shm_open(wave.shm);
		$shm_probe(ACTMF);
		end
		initial
		begin
		$monitor(T=%0t | rst=%b wr=%b rd=%b din=%0d dout=%0d full=%b empty=%b,
		$time,
		reset,
		write_en,
		read_en,
		data_in,
		data_out,
		full,
		empty);
		end
		task
		reset_fifo;
		begin
		$display(\n[TEST] Reset FIFO);
		reset
		=
		1;
		write_en
		=
		0;
		read_en
		=
		0;
		data_in
		=
		0;
		@(posedge
		clk);
		@(posedge
		clk);
		reset
		=
		0;
		@(posedge
		clk);
		if
		(empty
		&&
		!full)
		$display(PASS: FIFO reset successfully);
		else
		$display(FAIL: FIFO reset failed);
		end
		endtask
		task
		write_till_full;
		integer
		i;
		begin
		$display(\n[TEST] Write till FULL);
		i
		=
		0;
		while
		(!full
		&&
		i
		<
		8)
		begin
		@(posedge
		clk);
		write_en
		=
		1;
		data_in
		=
		i;
		i
		=
		i
		+
		1;
		end
		@(posedge
		clk);
		write_en
		=
		0;
		@(posedge
		clk);
		if
		(full)
		$display(PASS: FIFO full after %0d writes,
		i);
		else
		$display(FAIL: FIFO not full after %0d writes,
		i);
		end
		endtask
		task
		write_on_full;
		begin
		$display(\n[TEST] Write on FULL);
		@(posedge
		clk);
		write_en
		=
		1;
		data_in
		=
		99;
		@(posedge
		clk);
		write_en
		=
		0;
		if
		(full)
		$display(PASS: Write blocked on full);
		else
		$display(FAIL: Write caused overflow);
		end
		endtask
		task
		read_till_empty;
		integer
		i;
		begin
		$display(\n[TEST] Read till EMPTY);
		i
		=
		0;
		while
		(!empty)
		begin
		@(posedge
		clk);
		read_en
		=
		1;
		i
		=
		i
		+
		1;
		end
		@(posedge
		clk);
		read_en
		=
		0;
		@(posedge
		clk);
		if
		(empty)
		$display(PASS: FIFO emptied correctly after %0d reads,
		i);
		else
		$display(FAIL: FIFO did not empty correctly, empty=%b,
		empty);
		end
		endtask
		task
		read_on_empty;
		begin
		$display(\n[TEST] Read on EMPTY);
		@(posedge
		clk);
		read_en
		=
		1;
		@(posedge
		clk);
		read_en
		=
		0;
		if
		(empty)
		$display(PASS: Read blocked on empty);
		else
		$display(FAIL: Read caused underflow);
		end
		endtask
		task
		write_read_alternation;
		integer
		i;
		begin
		$display(\n[TEST] Write-Read Alternation);
		for
		(i
		=
		0;
		i
		<
		4;
		i++)
		begin
		@(posedge
		clk);
		write_en
		=
		1;
		data_in
		=
		i
		+
		10;
		@(posedge
		clk);
		write_en
		=
		0;
		read_en
		=
		1;
		@(posedge
		clk);
		read_en
		=
		0;
		end
		$display(PASS: Alternation test done);
		end
		endtask
		task
		concurrent_write_read;
		integer
		i;
		begin
		$display(\n[TEST] Concurrent Write/Read);
		for
		(i
		=
		0;
		i
		<
		5;
		i++)
		begin
		@(posedge
		clk);
		write_en
		=
		1;
		read_en
		=
		1;
		data_in
		=
		i
		+
		20;
		@(posedge
		clk);
		end
		write_en
		=
		0;
		read_en
		=
		0;
		$display(PASS: Concurrent test done);
		end
		endtask
		task
		reset_during_operation;
		begin
		$display(\n[TEST] Reset During Operation);
		@(posedge
		clk);
		write_en
		=
		1;
		data_in
		=
		55;
		@(posedge
		clk);
		reset
		=
		1;
		@(posedge
		clk);
		reset
		=
		0;
		write_en
		=
		0;
		@(posedge
		clk);
		if
		(empty
		&&
		!full)
		$display(PASS: Reset cleared FIFO mid-operation);
		else
		$display(FAIL: Reset during operation failed);
		end
		endtask
		task
		pointer_wraparound;
		integer
		i;
		begin
		$display(\n[TEST] Pointer Wrap-Around);
		for
		(i
		=
		0;
		i
		<
		8;
		i++)
		begin
		@(posedge
		clk);
		write_en
		=
		1;
		data_in
		=
		i
		+
		30;
		end
		write_en
		=
		0;
		for
		(i
		=
		0;
		i
		<
		4;
		i++)
		begin
		@(posedge
		clk);
		read_en
		=
		1;
		end
		read_en
		=
		0;
		for
		(i
		=
		0;
		i
		<
		4;
		i++)
		begin
		@(posedge
		clk);
		write_en
		=
		1;
		data_in
		=
		i
		+
		40;
		end
		write_en
		=
		0;
		$display(PASS: Pointer wrap-around executed);
		end
		endtask
		task
		random_stress;
		integer
		i;
		begin
		$display(\n[TEST] Random Read/Write Stress);
		for
		(i
		=
		0;
		i
		<
		20;
		i++)
		begin
		@(posedge
		clk);
		write_en
		=
		$random
		%
		2;
		read_en
		=
		$random
		%
		2;
		data_in
		=
		$random
		%
		256;
		end
		write_en
		=
		0;
		read_en
		=
		0;
		$display(PASS: Random stress done);
		end
		endtask
		initial
		begin
		clk
		=
		0;
		reset
		=
		0;
		write_en
		=
		0;
		read_en
		=
		0;
		data_in
		=
		0;
		reset_fifo();
		write_till_full();
		write_on_full();
		read_till_empty();
		read_on_empty();
		write_read_alternation();
		concurrent_write_read();
		reset_during_operation();
		pointer_wraparound();
		random_stress();
		$display(\n tests completed);
		end
		endmodule

   User defined plus("+") options:
	+
	+
	+
	+
	+
	+

irun: *E,FMUK: The type of the file (module) could not be determined.
irun: *E,FILEMIS: Cannot find the provided file module.
irun: *E,FMUK: The type of the file (fifo_tb;) could not be determined.
irun: *E,FILEMIS: Cannot find the provided file fifo_tb;.
irun: *E,FMUK: The type of the file (reg) could not be determined.
irun: *E,FILEMIS: Cannot find the provided file reg.
irun: *E,FMUK: The type of the file (clk,) could not be determined.
irun: *E,FILEMIS: Cannot find the provided file clk,.
irun: *E,FMUK: The type of the file (reset,) could not be determined.
irun: *E,FILEMIS: Cannot find the provided file reset,.
irun: *E,FMUK: The type of the file (write_en,) could not be determined.
irun: *E,FILEMIS: Cannot find the provided file write_en,.
irun: *E,FMUK: The type of the file (read_en;) could not be determined.
irun: *E,FILEMIS: Cannot find the provided file read_en;.
irun: *E,FMUK: The type of the file (reg) could not be determined.
irun: *E,FILEMIS: Cannot find the provided file reg.
irun: *E,FMUK: The type of the file ([7:0]) could not be determined.
irun: *E,FILEMIS: Cannot find the provided file [7:0].
irun: *E,FMUK: The type of the file (data_in;) could not be determined.
irun: *E,FILEMIS: Cannot find the provided file data_in;.
irun: *E,FMUK: The type of the file (wire) could not be determined.
irun: *E,FILEMIS: Cannot find the provided file wire.
irun: *E,FMUK: The type of the file ([7:0]) could not be determined.
irun: *E,FILEMIS: Cannot find the provided file [7:0].
irun: *E,FMUK: The type of the file (data_out;) could not be determined.
irun: *E,FILEMIS: Cannot find the provided file data_out;.
irun: *E,FMUK: The type of the file (wire) could not be determined.
irun: *E,FILEMIS: Cannot find the provided file wire.
irun: *E,FMUK: The type of the file (full,) could not be determined.
irun: *E,FILEMIS: Cannot find the provided file full,.
irun: *E,FMUK: The type of the file (empty;) could not be determined.
irun: *E,FILEMIS: Cannot find the provided file empty;.
irun: *E,FMUK: The type of the file (sync_fifo) could not be determined.
irun: *E,FILEMIS: Cannot find the provided file sync_fifo.
irun: *E,FMUK: The type of the file (uut) could not be determined.
irun: *E,FILEMIS: Cannot find the provided file uut.
irun: *E,FMUK: The type of the file (() could not be determined.
irun: *E,FILEMIS: Cannot find the provided file (.
irun: *E,FMUK: The type of the file (.clk(clk),) could not be determined.
irun: *E,FILEMIS: Cannot find the provided file .clk(clk),.
irun: *E,FMUK: The type of the file (.reset(reset),) could not be determined.
irun: *E,FILEMIS: Cannot find the provided file .reset(reset),.
irun: *E,FMUK: The type of the file (.write_en(write_en),) could not be determined.
irun: *E,FILEMIS: Cannot find the provided file .write_en(write_en),.
irun: *E,FMUK: The type of the file (.read_en(read_en),) could not be determined.
irun: *E,FILEMIS: Cannot find the provided file .read_en(read_en),.
irun: *E,FMUK: The type of the file (.data_in(data_in),) could not be determined.
irun: *E,FILEMIS: Cannot find the provided file .data_in(data_in),.
irun: *E,FMUK: The type of the file (.data_out(data_out),) could not be determined.
irun: *E,FILEMIS: Cannot find the provided file .data_out(data_out),.
irun: *E,FMUK: The type of the file (.full(full),) could not be determined.
irun: *E,FILEMIS: Cannot find the provided file .full(full),.
irun: *E,FMUK: The type of the file (.empty(empty)) could not be determined.
irun: *E,FILEMIS: Cannot find the provided file .empty(empty).
irun: *E,FMUK: The type of the file ();) could not be determined.
irun: *E,FILEMIS: Cannot find the provided file );.
irun: *E,FMUK: The type of the file (always) could not be determined.
irun: *E,FILEMIS: Cannot find the provided file always.
irun: *E,FMUK: The type of the file (initial) could not be determined.
irun: *E,FILEMIS: Cannot find the provided file initial.
irun: *E,FMUK: The type of the file (begin) could not be determined.
irun: *E,FILEMIS: Cannot find the provided file begin.
irun: *E,FMUK: The type of the file (end) could not be determined.
irun: *E,FILEMIS: Cannot find the provided file end.
irun: *E,FMUK: The type of the file (initial) could not be determined.
irun: *E,FILEMIS: Cannot find the provided file initial.
irun: *E,FMUK: The type of the file (begin) could not be determined.
irun: *E,FILEMIS: Cannot find the provided file begin.
irun: *E,FMUK: The type of the file ( | rst=%b wr=%b rd=%b din=%0d dout=%0d full=%b empty=%b,) could not be determined.
irun: *E,FILEMIS: Cannot find the provided file  | rst=%b wr=%b rd=%b din=%0d dout=%0d full=%b empty=%b,.
irun: *E,FMUK: The type of the file (reset,) could not be determined.
irun: *E,FILEMIS: Cannot find the provided file reset,.
irun: *E,FMUK: The type of the file (write_en,) could not be determined.
irun: *E,FILEMIS: Cannot find the provided file write_en,.
irun: *E,FMUK: The type of the file (read_en,) could not be determined.
irun: *E,FILEMIS: Cannot find the provided file read_en,.
irun: *E,FMUK: The type of the file (data_in,) could not be determined.
irun: *E,FILEMIS: Cannot find the provided file data_in,.
irun: *E,FMUK: The type of the file (data_out,) could not be determined.
irun: *E,FILEMIS: Cannot find the provided file data_out,.
irun: *E,FMUK: The type of the file (full,) could not be determined.
irun: *E,FILEMIS: Cannot find the provided file full,.
irun: *E,FMUK: The type of the file (empty);) could not be determined.
irun: *E,FILEMIS: Cannot find the provided file empty);.
irun: *E,FMUK: The type of the file (end) could not be determined.
irun: *E,FILEMIS: Cannot find the provided file end.
irun: *E,FMUK: The type of the file (task) could not be determined.
irun: *E,FILEMIS: Cannot find the provided file task.
irun: *E,FMUK: The type of the file (reset_fifo;) could not be determined.
irun: *E,FILEMIS: Cannot find the provided file reset_fifo;.
irun: *E,FMUK: The type of the file (begin) could not be determined.
irun: *E,FILEMIS: Cannot find the provided file begin.
irun: *E,FMUK: The type of the file ( Reset FIFO);) could not be determined.
irun: *E,FILEMIS: Cannot find the provided file  Reset FIFO);.
irun: *E,FMUK: The type of the file (reset) could not be determined.
irun: *E,FILEMIS: Cannot find the provided file reset.
irun: *E,FMUK: The type of the file (=) could not be determined.
irun: *E,FILEMIS: Cannot find the provided file =.
irun: *E,FMUK: The type of the file (1;) could not be determined.
irun: *E,FILEMIS: Cannot find the provided file 1;.
irun: *E,FMUK: The type of the file (write_en) could not be determined.
irun: *E,FILEMIS: Cannot find the provided file write_en.
irun: *E,FMUK: The type of the file (=) could not be determined.
irun: *E,FILEMIS: Cannot find the provided file =.
irun: *E,FMUK: The type of the file (0;) could not be determined.
irun: *E,FILEMIS: Cannot find the provided file 0;.
irun: *E,FMUK: The type of the file (read_en) could not be determined.
irun: *E,FILEMIS: Cannot find the provided file read_en.
irun: *E,FMUK: The type of the file (=) could not be determined.
irun: *E,FILEMIS: Cannot find the provided file =.
irun: *E,FMUK: The type of the file (0;) could not be determined.
irun: *E,FILEMIS: Cannot find the provided file 0;.
irun: *E,FMUK: The type of the file (data_in) could not be determined.
irun: *E,FILEMIS: Cannot find the provided file data_in.
irun: *E,FMUK: The type of the file (=) could not be determined.
irun: *E,FILEMIS: Cannot find the provided file =.
irun: *E,FMUK: The type of the file (0;) could not be determined.
irun: *E,FILEMIS: Cannot find the provided file 0;.
irun: *E,FMUK: The type of the file (@(posedge) could not be determined.
irun: *E,FILEMIS: Cannot find the provided file @(posedge.
irun: *E,FMUK: The type of the file (clk);) could not be determined.
irun: *E,FILEMIS: Cannot find the provided file clk);.
irun: *E,FMUK: The type of the file (@(posedge) could not be determined.
irun: *E,FILEMIS: Cannot find the provided file @(posedge.
irun: *E,FMUK: The type of the file (clk);) could not be determined.
irun: *E,FILEMIS: Cannot find the provided file clk);.
irun: *E,FMUK: The type of the file (reset) could not be determined.
irun: *E,FILEMIS: Cannot find the provided file reset.
irun: *E,FMUK: The type of the file (=) could not be determined.
irun: *E,FILEMIS: Cannot find the provided file =.
irun: *E,FMUK: The type of the file (0;) could not be determined.
irun: *E,FILEMIS: Cannot find the provided file 0;.
irun: *E,FMUK: The type of the file (@(posedge) could not be determined.
irun: *E,FILEMIS: Cannot find the provided file @(posedge.
irun: *E,FMUK: The type of the file (clk);) could not be determined.
irun: *E,FILEMIS: Cannot find the provided file clk);.
irun: *E,FMUK: The type of the file (if) could not be determined.
irun: *E,FILEMIS: Cannot find the provided file if.
irun: *E,FMUK: The type of the file ((empty) could not be determined.
irun: *E,FILEMIS: Cannot find the provided file (empty.
irun: *E,FMUK: The type of the file (&&) could not be determined.
irun: *E,FILEMIS: Cannot find the provided file &&.
irun: *E,FMUK: The type of the file (!full)) could not be determined.
irun: *E,FILEMIS: Cannot find the provided file !full).
irun: *E,FMUK: The type of the file ( FIFO reset successfully);) could not be determined.
irun: *E,FILEMIS: Cannot find the provided file  FIFO reset successfully);.
irun: *E,FMUK: The type of the file (else) could not be determined.
irun: *E,FILEMIS: Cannot find the provided file else.
irun: *E,FMUK: The type of the file ( FIFO reset failed);) could not be determined.
irun: *E,FILEMIS: Cannot find the provided file  FIFO reset failed);.
irun: *E,FMUK: The type of the file (end) could not be determined.
irun: *E,FILEMIS: Cannot find the provided file end.
irun: *E,FMUK: The type of the file (endtask) could not be determined.
irun: *E,FILEMIS: Cannot find the provided file endtask.
irun: *E,FMUK: The type of the file (task) could not be determined.
irun: *E,FILEMIS: Cannot find the provided file task.
irun: *E,FMUK: The type of the file (write_till_full;) could not be determined.
irun: *E,FILEMIS: Cannot find the provided file write_till_full;.
irun: *E,FMUK: The type of the file (integer) could not be determined.
irun: *E,FILEMIS: Cannot find the provided file integer.
irun: *E,FMUK: The type of the file (i;) could not be determined.
irun: *E,FILEMIS: Cannot find the provided file i;.
irun: *E,FMUK: The type of the file (begin) could not be determined.
irun: *E,FILEMIS: Cannot find the provided file begin.
irun: *E,FMUK: The type of the file ( Write till FULL);) could not be determined.
irun: *E,FILEMIS: Cannot find the provided file  Write till FULL);.
irun: *E,FMUK: The type of the file (i) could not be determined.
irun: *E,FILEMIS: Cannot find the provided file i.
irun: *E,FMUK: The type of the file (=) could not be determined.
irun: *E,FILEMIS: Cannot find the provided file =.
irun: *E,FMUK: The type of the file (0;) could not be determined.
irun: *E,FILEMIS: Cannot find the provided file 0;.
irun: *E,FMUK: The type of the file (while) could not be determined.
irun: *E,FILEMIS: Cannot find the provided file while.
irun: *E,FMUK: The type of the file ((!full) could not be determined.
irun: *E,FILEMIS: Cannot find the provided file (!full.
irun: *E,FMUK: The type of the file (&&) could not be determined.
irun: *E,FILEMIS: Cannot find the provided file &&.
irun: *E,FMUK: The type of the file (i) could not be determined.
irun: *E,FILEMIS: Cannot find the provided file i.
irun: *E,FMUK: The type of the file (<) could not be determined.
irun: *E,FILEMIS: Cannot find the provided file <.
irun: *E,FMUK: The type of the file (8)) could not be determined.
irun: *E,FILEMIS: Cannot find the provided file 8).
irun: *E,FMUK: The type of the file (begin) could not be determined.
irun: *E,FILEMIS: Cannot find the provided file begin.
irun: *E,FMUK: The type of the file (@(posedge) could not be determined.
irun: *E,FILEMIS: Cannot find the provided file @(posedge.
irun: *E,FMUK: The type of the file (clk);) could not be determined.
irun: *E,FILEMIS: Cannot find the provided file clk);.
irun: *E,FMUK: The type of the file (write_en) could not be determined.
irun: *E,FILEMIS: Cannot find the provided file write_en.
irun: *E,FMUK: The type of the file (=) could not be determined.
irun: *E,FILEMIS: Cannot find the provided file =.
irun: *E,FMUK: The type of the file (1;) could not be determined.
irun: *E,FILEMIS: Cannot find the provided file 1;.
irun: *E,FMUK: The type of the file (data_in) could not be determined.
irun: *E,FILEMIS: Cannot find the provided file data_in.
irun: *E,FMUK: The type of the file (=) could not be determined.
irun: *E,FILEMIS: Cannot find the provided file =.
irun: *E,FMUK: The type of the file (i;) could not be determined.
irun: *E,FILEMIS: Cannot find the provided file i;.
irun: *E,FMUK: The type of the file (i) could not be determined.
irun: *E,FILEMIS: Cannot find the provided file i.
irun: *E,FMUK: The type of the file (=) could not be determined.
irun: *E,FILEMIS: Cannot find the provided file =.
irun: *E,FMUK: The type of the file (i) could not be determined.
irun: *E,FILEMIS: Cannot find the provided file i.
irun: *E,FMUK: The type of the file (1;) could not be determined.
irun: *E,FILEMIS: Cannot find the provided file 1;.
irun: *E,FMUK: The type of the file (end) could not be determined.
irun: *E,FILEMIS: Cannot find the provided file end.
irun: *E,FMUK: The type of the file (@(posedge) could not be determined.
irun: *E,FILEMIS: Cannot find the provided file @(posedge.
irun: *E,FMUK: The type of the file (clk);) could not be determined.
irun: *E,FILEMIS: Cannot find the provided file clk);.
irun: *E,FMUK: The type of the file (write_en) could not be determined.
irun: *E,FILEMIS: Cannot find the provided file write_en.
irun: *E,FMUK: The type of the file (=) could not be determined.
irun: *E,FILEMIS: Cannot find the provided file =.
irun: *E,FMUK: The type of the file (0;) could not be determined.
irun: *E,FILEMIS: Cannot find the provided file 0;.
irun: *E,FMUK: The type of the file (@(posedge) could not be determined.
irun: *E,FILEMIS: Cannot find the provided file @(posedge.
irun: *E,FMUK: The type of the file (clk);) could not be determined.
irun: *E,FILEMIS: Cannot find the provided file clk);.
irun: *E,FMUK: The type of the file (if) could not be determined.
irun: *E,FILEMIS: Cannot find the provided file if.
irun: *E,FMUK: The type of the file ((full)) could not be determined.
irun: *E,FILEMIS: Cannot find the provided file (full).
irun: *E,FMUK: The type of the file ( FIFO full after %0d writes,) could not be determined.
irun: *E,FILEMIS: Cannot find the provided file  FIFO full after %0d writes,.
irun: *E,FMUK: The type of the file (i);) could not be determined.
irun: *E,FILEMIS: Cannot find the provided file i);.
irun: *E,FMUK: The type of the file (else) could not be determined.
irun: *E,FILEMIS: Cannot find the provided file else.
irun: *E,FMUK: The type of the file ( FIFO not full after %0d writes,) could not be determined.
irun: *E,FILEMIS: Cannot find the provided file  FIFO not full after %0d writes,.
irun: *E,FMUK: The type of the file (i);) could not be determined.
irun: *E,FILEMIS: Cannot find the provided file i);.
irun: *E,FMUK: The type of the file (end) could not be determined.
irun: *E,FILEMIS: Cannot find the provided file end.
irun: *E,FMUK: The type of the file (endtask) could not be determined.
irun: *E,FILEMIS: Cannot find the provided file endtask.
irun: *E,FMUK: The type of the file (task) could not be determined.
irun: *E,FILEMIS: Cannot find the provided file task.
irun: *E,FMUK: The type of the file (write_on_full;) could not be determined.
irun: *E,FILEMIS: Cannot find the provided file write_on_full;.
irun: *E,FMUK: The type of the file (begin) could not be determined.
irun: *E,FILEMIS: Cannot find the provided file begin.
irun: *E,FMUK: The type of the file ( Write on FULL);) could not be determined.
irun: *E,FILEMIS: Cannot find the provided file  Write on FULL);.
irun: *E,FMUK: The type of the file (@(posedge) could not be determined.
irun: *E,FILEMIS: Cannot find the provided file @(posedge.
irun: *E,FMUK: The type of the file (clk);) could not be determined.
irun: *E,FILEMIS: Cannot find the provided file clk);.
irun: *E,FMUK: The type of the file (write_en) could not be determined.
irun: *E,FILEMIS: Cannot find the provided file write_en.
irun: *E,FMUK: The type of the file (=) could not be determined.
irun: *E,FILEMIS: Cannot find the provided file =.
irun: *E,FMUK: The type of the file (1;) could not be determined.
irun: *E,FILEMIS: Cannot find the provided file 1;.
irun: *E,FMUK: The type of the file (data_in) could not be determined.
irun: *E,FILEMIS: Cannot find the provided file data_in.
irun: *E,FMUK: The type of the file (=) could not be determined.
irun: *E,FILEMIS: Cannot find the provided file =.
irun: *E,FMUK: The type of the file (99;) could not be determined.
irun: *E,FILEMIS: Cannot find the provided file 99;.
irun: *E,FMUK: The type of the file (@(posedge) could not be determined.
irun: *E,FILEMIS: Cannot find the provided file @(posedge.
irun: *E,FMUK: The type of the file (clk);) could not be determined.
irun: *E,FILEMIS: Cannot find the provided file clk);.
irun: *E,FMUK: The type of the file (write_en) could not be determined.
irun: *E,FILEMIS: Cannot find the provided file write_en.
irun: *E,FMUK: The type of the file (=) could not be determined.
irun: *E,FILEMIS: Cannot find the provided file =.
irun: *E,FMUK: The type of the file (0;) could not be determined.
irun: *E,FILEMIS: Cannot find the provided file 0;.
irun: *E,FMUK: The type of the file (if) could not be determined.
irun: *E,FILEMIS: Cannot find the provided file if.
irun: *E,FMUK: The type of the file ((full)) could not be determined.
irun: *E,FILEMIS: Cannot find the provided file (full).
irun: *E,FMUK: The type of the file ( Write blocked on full);) could not be determined.
irun: *E,FILEMIS: Cannot find the provided file  Write blocked on full);.
irun: *E,FMUK: The type of the file (else) could not be determined.
irun: *E,FILEMIS: Cannot find the provided file else.
irun: *E,FMUK: The type of the file ( Write caused overflow);) could not be determined.
irun: *E,FILEMIS: Cannot find the provided file  Write caused overflow);.
irun: *E,FMUK: The type of the file (end) could not be determined.
irun: *E,FILEMIS: Cannot find the provided file end.
irun: *E,FMUK: The type of the file (endtask) could not be determined.
irun: *E,FILEMIS: Cannot find the provided file endtask.
irun: *E,FMUK: The type of the file (task) could not be determined.
irun: *E,FILEMIS: Cannot find the provided file task.
irun: *E,FMUK: The type of the file (read_till_empty;) could not be determined.
irun: *E,FILEMIS: Cannot find the provided file read_till_empty;.
irun: *E,FMUK: The type of the file (integer) could not be determined.
irun: *E,FILEMIS: Cannot find the provided file integer.
irun: *E,FMUK: The type of the file (i;) could not be determined.
irun: *E,FILEMIS: Cannot find the provided file i;.
irun: *E,FMUK: The type of the file (begin) could not be determined.
irun: *E,FILEMIS: Cannot find the provided file begin.
irun: *E,FMUK: The type of the file ( Read till EMPTY);) could not be determined.
irun: *E,FILEMIS: Cannot find the provided file  Read till EMPTY);.
irun: *E,FMUK: The type of the file (i) could not be determined.
irun: *E,FILEMIS: Cannot find the provided file i.
irun: *E,FMUK: The type of the file (=) could not be determined.
irun: *E,FILEMIS: Cannot find the provided file =.
irun: *E,FMUK: The type of the file (0;) could not be determined.
irun: *E,FILEMIS: Cannot find the provided file 0;.
irun: *E,FMUK: The type of the file (while) could not be determined.
irun: *E,FILEMIS: Cannot find the provided file while.
irun: *E,FMUK: The type of the file ((!empty)) could not be determined.
irun: *E,FILEMIS: Cannot find the provided file (!empty).
irun: *E,FMUK: The type of the file (begin) could not be determined.
irun: *E,FILEMIS: Cannot find the provided file begin.
irun: *E,FMUK: The type of the file (@(posedge) could not be determined.
irun: *E,FILEMIS: Cannot find the provided file @(posedge.
irun: *E,FMUK: The type of the file (clk);) could not be determined.
irun: *E,FILEMIS: Cannot find the provided file clk);.
irun: *E,FMUK: The type of the file (read_en) could not be determined.
irun: *E,FILEMIS: Cannot find the provided file read_en.
irun: *E,FMUK: The type of the file (=) could not be determined.
irun: *E,FILEMIS: Cannot find the provided file =.
irun: *E,FMUK: The type of the file (1;) could not be determined.
irun: *E,FILEMIS: Cannot find the provided file 1;.
irun: *E,FMUK: The type of the file (i) could not be determined.
irun: *E,FILEMIS: Cannot find the provided file i.
irun: *E,FMUK: The type of the file (=) could not be determined.
irun: *E,FILEMIS: Cannot find the provided file =.
irun: *E,FMUK: The type of the file (i) could not be determined.
irun: *E,FILEMIS: Cannot find the provided file i.
irun: *E,FMUK: The type of the file (1;) could not be determined.
irun: *E,FILEMIS: Cannot find the provided file 1;.
irun: *E,FMUK: The type of the file (end) could not be determined.
irun: *E,FILEMIS: Cannot find the provided file end.
irun: *E,FMUK: The type of the file (@(posedge) could not be determined.
irun: *E,FILEMIS: Cannot find the provided file @(posedge.
irun: *E,FMUK: The type of the file (clk);) could not be determined.
irun: *E,FILEMIS: Cannot find the provided file clk);.
irun: *E,FMUK: The type of the file (read_en) could not be determined.
irun: *E,FILEMIS: Cannot find the provided file read_en.
irun: *E,FMUK: The type of the file (=) could not be determined.
irun: *E,FILEMIS: Cannot find the provided file =.
irun: *E,FMUK: The type of the file (0;) could not be determined.
irun: *E,FILEMIS: Cannot find the provided file 0;.
irun: *E,FMUK: The type of the file (@(posedge) could not be determined.
irun: *E,FILEMIS: Cannot find the provided file @(posedge.
irun: *E,FMUK: The type of the file (clk);) could not be determined.
irun: *E,FILEMIS: Cannot find the provided file clk);.
irun: *E,FMUK: The type of the file (if) could not be determined.
irun: *E,FILEMIS: Cannot find the provided file if.
irun: *E,FMUK: The type of the file ((empty)) could not be determined.
irun: *E,FILEMIS: Cannot find the provided file (empty).
irun: *E,FMUK: The type of the file ( FIFO emptied correctly after %0d reads,) could not be determined.
irun: *E,FILEMIS: Cannot find the provided file  FIFO emptied correctly after %0d reads,.
irun: *E,FMUK: The type of the file (i);) could not be determined.
irun: *E,FILEMIS: Cannot find the provided file i);.
irun: *E,FMUK: The type of the file (else) could not be determined.
irun: *E,FILEMIS: Cannot find the provided file else.
irun: *E,FMUK: The type of the file ( FIFO did not empty correctly, empty=%b,) could not be determined.
irun: *E,FILEMIS: Cannot find the provided file  FIFO did not empty correctly, empty=%b,.
irun: *E,FMUK: The type of the file (empty);) could not be determined.
irun: *E,FILEMIS: Cannot find the provided file empty);.
irun: *E,FMUK: The type of the file (end) could not be determined.
irun: *E,FILEMIS: Cannot find the provided file end.
irun: *E,FMUK: The type of the file (endtask) could not be determined.
irun: *E,FILEMIS: Cannot find the provided file endtask.
irun: *E,FMUK: The type of the file (task) could not be determined.
irun: *E,FILEMIS: Cannot find the provided file task.
irun: *E,FMUK: The type of the file (read_on_empty;) could not be determined.
irun: *E,FILEMIS: Cannot find the provided file read_on_empty;.
irun: *E,FMUK: The type of the file (begin) could not be determined.
irun: *E,FILEMIS: Cannot find the provided file begin.
irun: *E,FMUK: The type of the file ( Read on EMPTY);) could not be determined.
irun: *E,FILEMIS: Cannot find the provided file  Read on EMPTY);.
irun: *E,FMUK: The type of the file (@(posedge) could not be determined.
irun: *E,FILEMIS: Cannot find the provided file @(posedge.
irun: *E,FMUK: The type of the file (clk);) could not be determined.
irun: *E,FILEMIS: Cannot find the provided file clk);.
irun: *E,FMUK: The type of the file (read_en) could not be determined.
irun: *E,FILEMIS: Cannot find the provided file read_en.
irun: *E,FMUK: The type of the file (=) could not be determined.
irun: *E,FILEMIS: Cannot find the provided file =.
irun: *E,FMUK: The type of the file (1;) could not be determined.
irun: *E,FILEMIS: Cannot find the provided file 1;.
irun: *E,FMUK: The type of the file (@(posedge) could not be determined.
irun: *E,FILEMIS: Cannot find the provided file @(posedge.
irun: *E,FMUK: The type of the file (clk);) could not be determined.
irun: *E,FILEMIS: Cannot find the provided file clk);.
irun: *E,FMUK: The type of the file (read_en) could not be determined.
irun: *E,FILEMIS: Cannot find the provided file read_en.
irun: *E,FMUK: The type of the file (=) could not be determined.
irun: *E,FILEMIS: Cannot find the provided file =.
irun: *E,FMUK: The type of the file (0;) could not be determined.
irun: *E,FILEMIS: Cannot find the provided file 0;.
irun: *E,FMUK: The type of the file (if) could not be determined.
irun: *E,FILEMIS: Cannot find the provided file if.
irun: *E,FMUK: The type of the file ((empty)) could not be determined.
irun: *E,FILEMIS: Cannot find the provided file (empty).
irun: *E,FMUK: The type of the file ( Read blocked on empty);) could not be determined.
irun: *E,FILEMIS: Cannot find the provided file  Read blocked on empty);.
irun: *E,FMUK: The type of the file (else) could not be determined.
irun: *E,FILEMIS: Cannot find the provided file else.
irun: *E,FMUK: The type of the file ( Read caused underflow);) could not be determined.
irun: *E,FILEMIS: Cannot find the provided file  Read caused underflow);.
irun: *E,FMUK: The type of the file (end) could not be determined.
irun: *E,FILEMIS: Cannot find the provided file end.
irun: *E,FMUK: The type of the file (endtask) could not be determined.
irun: *E,FILEMIS: Cannot find the provided file endtask.
irun: *E,FMUK: The type of the file (task) could not be determined.
irun: *E,FILEMIS: Cannot find the provided file task.
irun: *E,FMUK: The type of the file (write_read_alternation;) could not be determined.
irun: *E,FILEMIS: Cannot find the provided file write_read_alternation;.
irun: *E,FMUK: The type of the file (integer) could not be determined.
irun: *E,FILEMIS: Cannot find the provided file integer.
irun: *E,FMUK: The type of the file (i;) could not be determined.
irun: *E,FILEMIS: Cannot find the provided file i;.
irun: *E,FMUK: The type of the file (begin) could not be determined.
irun: *E,FILEMIS: Cannot find the provided file begin.
irun: *E,FMUK: The type of the file ( Write-Read Alternation);) could not be determined.
irun: *E,FILEMIS: Cannot find the provided file  Write-Read Alternation);.
irun: *E,FMUK: The type of the file (for) could not be determined.
irun: *E,FILEMIS: Cannot find the provided file for.
irun: *E,FMUK: The type of the file ((i) could not be determined.
irun: *E,FILEMIS: Cannot find the provided file (i.
irun: *E,FMUK: The type of the file (=) could not be determined.
irun: *E,FILEMIS: Cannot find the provided file =.
irun: *E,FMUK: The type of the file (0;) could not be determined.
irun: *E,FILEMIS: Cannot find the provided file 0;.
irun: *E,FMUK: The type of the file (i) could not be determined.
irun: *E,FILEMIS: Cannot find the provided file i.
irun: *E,FMUK: The type of the file (<) could not be determined.
irun: *E,FILEMIS: Cannot find the provided file <.
irun: *E,FMUK: The type of the file (4;) could not be determined.
irun: *E,FILEMIS: Cannot find the provided file 4;.
irun: *E,FMUK: The type of the file (i++)) could not be determined.
irun: *E,FILEMIS: Cannot find the provided file i++).
irun: *E,FMUK: The type of the file (begin) could not be determined.
irun: *E,FILEMIS: Cannot find the provided file begin.
irun: *E,FMUK: The type of the file (@(posedge) could not be determined.
irun: *E,FILEMIS: Cannot find the provided file @(posedge.
irun: *E,FMUK: The type of the file (clk);) could not be determined.
irun: *E,FILEMIS: Cannot find the provided file clk);.
irun: *E,FMUK: The type of the file (write_en) could not be determined.
irun: *E,FILEMIS: Cannot find the provided file write_en.
irun: *E,FMUK: The type of the file (=) could not be determined.
irun: *E,FILEMIS: Cannot find the provided file =.
irun: *E,FMUK: The type of the file (1;) could not be determined.
irun: *E,FILEMIS: Cannot find the provided file 1;.
irun: *E,FMUK: The type of the file (data_in) could not be determined.
irun: *E,FILEMIS: Cannot find the provided file data_in.
irun: *E,FMUK: The type of the file (=) could not be determined.
irun: *E,FILEMIS: Cannot find the provided file =.
irun: *E,FMUK: The type of the file (i) could not be determined.
irun: *E,FILEMIS: Cannot find the provided file i.
irun: *E,FMUK: The type of the file (10;) could not be determined.
irun: *E,FILEMIS: Cannot find the provided file 10;.
irun: *E,FMUK: The type of the file (@(posedge) could not be determined.
irun: *E,FILEMIS: Cannot find the provided file @(posedge.
irun: *E,FMUK: The type of the file (clk);) could not be determined.
irun: *E,FILEMIS: Cannot find the provided file clk);.
irun: *E,FMUK: The type of the file (write_en) could not be determined.
irun: *E,FILEMIS: Cannot find the provided file write_en.
irun: *E,FMUK: The type of the file (=) could not be determined.
irun: *E,FILEMIS: Cannot find the provided file =.
irun: *E,FMUK: The type of the file (0;) could not be determined.
irun: *E,FILEMIS: Cannot find the provided file 0;.
irun: *E,FMUK: The type of the file (read_en) could not be determined.
irun: *E,FILEMIS: Cannot find the provided file read_en.
irun: *E,FMUK: The type of the file (=) could not be determined.
irun: *E,FILEMIS: Cannot find the provided file =.
irun: *E,FMUK: The type of the file (1;) could not be determined.
irun: *E,FILEMIS: Cannot find the provided file 1;.
irun: *E,FMUK: The type of the file (@(posedge) could not be determined.
irun: *E,FILEMIS: Cannot find the provided file @(posedge.
irun: *E,FMUK: The type of the file (clk);) could not be determined.
irun: *E,FILEMIS: Cannot find the provided file clk);.
irun: *E,FMUK: The type of the file (read_en) could not be determined.
irun: *E,FILEMIS: Cannot find the provided file read_en.
irun: *E,FMUK: The type of the file (=) could not be determined.
irun: *E,FILEMIS: Cannot find the provided file =.
irun: *E,FMUK: The type of the file (0;) could not be determined.
irun: *E,FILEMIS: Cannot find the provided file 0;.
irun: *E,FMUK: The type of the file (end) could not be determined.
irun: *E,FILEMIS: Cannot find the provided file end.
irun: *E,FMUK: The type of the file ( Alternation test done);) could not be determined.
irun: *E,FILEMIS: Cannot find the provided file  Alternation test done);.
irun: *E,FMUK: The type of the file (end) could not be determined.
irun: *E,FILEMIS: Cannot find the provided file end.
irun: *E,FMUK: The type of the file (endtask) could not be determined.
irun: *E,FILEMIS: Cannot find the provided file endtask.
irun: *E,FMUK: The type of the file (task) could not be determined.
irun: *E,FILEMIS: Cannot find the provided file task.
irun: *E,FMUK: The type of the file (concurrent_write_read;) could not be determined.
irun: *E,FILEMIS: Cannot find the provided file concurrent_write_read;.
irun: *E,FMUK: The type of the file (integer) could not be determined.
irun: *E,FILEMIS: Cannot find the provided file integer.
irun: *E,FMUK: The type of the file (i;) could not be determined.
irun: *E,FILEMIS: Cannot find the provided file i;.
irun: *E,FMUK: The type of the file (begin) could not be determined.
irun: *E,FILEMIS: Cannot find the provided file begin.
irun: *E,FMUK: The type of the file ( Concurrent Write/Read);) could not be determined.
irun: *E,FILEMIS: Cannot find the provided file  Concurrent Write/Read);.
irun: *E,FMUK: The type of the file (for) could not be determined.
irun: *E,FILEMIS: Cannot find the provided file for.
irun: *E,FMUK: The type of the file ((i) could not be determined.
irun: *E,FILEMIS: Cannot find the provided file (i.
irun: *E,FMUK: The type of the file (=) could not be determined.
irun: *E,FILEMIS: Cannot find the provided file =.
irun: *E,FMUK: The type of the file (0;) could not be determined.
irun: *E,FILEMIS: Cannot find the provided file 0;.
irun: *E,FMUK: The type of the file (i) could not be determined.
irun: *E,FILEMIS: Cannot find the provided file i.
irun: *E,FMUK: The type of the file (<) could not be determined.
irun: *E,FILEMIS: Cannot find the provided file <.
irun: *E,FMUK: The type of the file (5;) could not be determined.
irun: *E,FILEMIS: Cannot find the provided file 5;.
irun: *E,FMUK: The type of the file (i++)) could not be determined.
irun: *E,FILEMIS: Cannot find the provided file i++).
irun: *E,FMUK: The type of the file (begin) could not be determined.
irun: *E,FILEMIS: Cannot find the provided file begin.
irun: *E,FMUK: The type of the file (@(posedge) could not be determined.
irun: *E,FILEMIS: Cannot find the provided file @(posedge.
irun: *E,FMUK: The type of the file (clk);) could not be determined.
irun: *E,FILEMIS: Cannot find the provided file clk);.
irun: *E,FMUK: The type of the file (write_en) could not be determined.
irun: *E,FILEMIS: Cannot find the provided file write_en.
irun: *E,FMUK: The type of the file (=) could not be determined.
irun: *E,FILEMIS: Cannot find the provided file =.
irun: *E,FMUK: The type of the file (1;) could not be determined.
irun: *E,FILEMIS: Cannot find the provided file 1;.
irun: *E,FMUK: The type of the file (read_en) could not be determined.
irun: *E,FILEMIS: Cannot find the provided file read_en.
irun: *E,FMUK: The type of the file (=) could not be determined.
irun: *E,FILEMIS: Cannot find the provided file =.
irun: *E,FMUK: The type of the file (1;) could not be determined.
irun: *E,FILEMIS: Cannot find the provided file 1;.
irun: *E,FMUK: The type of the file (data_in) could not be determined.
irun: *E,FILEMIS: Cannot find the provided file data_in.
irun: *E,FMUK: The type of the file (=) could not be determined.
irun: *E,FILEMIS: Cannot find the provided file =.
irun: *E,FMUK: The type of the file (i) could not be determined.
irun: *E,FILEMIS: Cannot find the provided file i.
irun: *E,FMUK: The type of the file (20;) could not be determined.
irun: *E,FILEMIS: Cannot find the provided file 20;.
irun: *E,FMUK: The type of the file (@(posedge) could not be determined.
irun: *E,FILEMIS: Cannot find the provided file @(posedge.
irun: *E,FMUK: The type of the file (clk);) could not be determined.
irun: *E,FILEMIS: Cannot find the provided file clk);.
irun: *E,FMUK: The type of the file (end) could not be determined.
irun: *E,FILEMIS: Cannot find the provided file end.
irun: *E,FMUK: The type of the file (write_en) could not be determined.
irun: *E,FILEMIS: Cannot find the provided file write_en.
irun: *E,FMUK: The type of the file (=) could not be determined.
irun: *E,FILEMIS: Cannot find the provided file =.
irun: *E,FMUK: The type of the file (0;) could not be determined.
irun: *E,FILEMIS: Cannot find the provided file 0;.
irun: *E,FMUK: The type of the file (read_en) could not be determined.
irun: *E,FILEMIS: Cannot find the provided file read_en.
irun: *E,FMUK: The type of the file (=) could not be determined.
irun: *E,FILEMIS: Cannot find the provided file =.
irun: *E,FMUK: The type of the file (0;) could not be determined.
irun: *E,FILEMIS: Cannot find the provided file 0;.
irun: *E,FMUK: The type of the file ( Concurrent test done);) could not be determined.
irun: *E,FILEMIS: Cannot find the provided file  Concurrent test done);.
irun: *E,FMUK: The type of the file (end) could not be determined.
irun: *E,FILEMIS: Cannot find the provided file end.
irun: *E,FMUK: The type of the file (endtask) could not be determined.
irun: *E,FILEMIS: Cannot find the provided file endtask.
irun: *E,FMUK: The type of the file (task) could not be determined.
irun: *E,FILEMIS: Cannot find the provided file task.
irun: *E,FMUK: The type of the file (reset_during_operation;) could not be determined.
irun: *E,FILEMIS: Cannot find the provided file reset_during_operation;.
irun: *E,FMUK: The type of the file (begin) could not be determined.
irun: *E,FILEMIS: Cannot find the provided file begin.
irun: *E,FMUK: The type of the file ( Reset During Operation);) could not be determined.
irun: *E,FILEMIS: Cannot find the provided file  Reset During Operation);.
irun: *E,FMUK: The type of the file (@(posedge) could not be determined.
irun: *E,FILEMIS: Cannot find the provided file @(posedge.
irun: *E,FMUK: The type of the file (clk);) could not be determined.
irun: *E,FILEMIS: Cannot find the provided file clk);.
irun: *E,FMUK: The type of the file (write_en) could not be determined.
irun: *E,FILEMIS: Cannot find the provided file write_en.
irun: *E,FMUK: The type of the file (=) could not be determined.
irun: *E,FILEMIS: Cannot find the provided file =.
irun: *E,FMUK: The type of the file (1;) could not be determined.
irun: *E,FILEMIS: Cannot find the provided file 1;.
irun: *E,FMUK: The type of the file (data_in) could not be determined.
irun: *E,FILEMIS: Cannot find the provided file data_in.
irun: *E,FMUK: The type of the file (=) could not be determined.
irun: *E,FILEMIS: Cannot find the provided file =.
irun: *E,FMUK: The type of the file (55;) could not be determined.
irun: *E,FILEMIS: Cannot find the provided file 55;.
irun: *E,FMUK: The type of the file (@(posedge) could not be determined.
irun: *E,FILEMIS: Cannot find the provided file @(posedge.
irun: *E,FMUK: The type of the file (clk);) could not be determined.
irun: *E,FILEMIS: Cannot find the provided file clk);.
irun: *E,FMUK: The type of the file (reset) could not be determined.
irun: *E,FILEMIS: Cannot find the provided file reset.
irun: *E,FMUK: The type of the file (=) could not be determined.
irun: *E,FILEMIS: Cannot find the provided file =.
irun: *E,FMUK: The type of the file (1;) could not be determined.
irun: *E,FILEMIS: Cannot find the provided file 1;.
irun: *E,FMUK: The type of the file (@(posedge) could not be determined.
irun: *E,FILEMIS: Cannot find the provided file @(posedge.
irun: *E,FMUK: The type of the file (clk);) could not be determined.
irun: *E,FILEMIS: Cannot find the provided file clk);.
irun: *E,FMUK: The type of the file (reset) could not be determined.
irun: *E,FILEMIS: Cannot find the provided file reset.
irun: *E,FMUK: The type of the file (=) could not be determined.
irun: *E,FILEMIS: Cannot find the provided file =.
irun: *E,FMUK: The type of the file (0;) could not be determined.
irun: *E,FILEMIS: Cannot find the provided file 0;.
irun: *E,FMUK: The type of the file (write_en) could not be determined.
irun: *E,FILEMIS: Cannot find the provided file write_en.
irun: *E,FMUK: The type of the file (=) could not be determined.
irun: *E,FILEMIS: Cannot find the provided file =.
irun: *E,FMUK: The type of the file (0;) could not be determined.
irun: *E,FILEMIS: Cannot find the provided file 0;.
irun: *E,FMUK: The type of the file (@(posedge) could not be determined.
irun: *E,FILEMIS: Cannot find the provided file @(posedge.
irun: *E,FMUK: The type of the file (clk);) could not be determined.
irun: *E,FILEMIS: Cannot find the provided file clk);.
irun: *E,FMUK: The type of the file (if) could not be determined.
irun: *E,FILEMIS: Cannot find the provided file if.
irun: *E,FMUK: The type of the file ((empty) could not be determined.
irun: *E,FILEMIS: Cannot find the provided file (empty.
irun: *E,FMUK: The type of the file (&&) could not be determined.
irun: *E,FILEMIS: Cannot find the provided file &&.
irun: *E,FMUK: The type of the file (!full)) could not be determined.
irun: *E,FILEMIS: Cannot find the provided file !full).
irun: *E,FMUK: The type of the file ( Reset cleared FIFO mid-operation);) could not be determined.
irun: *E,FILEMIS: Cannot find the provided file  Reset cleared FIFO mid-operation);.
irun: *E,FMUK: The type of the file (else) could not be determined.
irun: *E,FILEMIS: Cannot find the provided file else.
irun: *E,FMUK: The type of the file ( Reset during operation failed);) could not be determined.
irun: *E,FILEMIS: Cannot find the provided file  Reset during operation failed);.
irun: *E,FMUK: The type of the file (end) could not be determined.
irun: *E,FILEMIS: Cannot find the provided file end.
irun: *E,FMUK: The type of the file (endtask) could not be determined.
irun: *E,FILEMIS: Cannot find the provided file endtask.
irun: *E,FMUK: The type of the file (task) could not be determined.
irun: *E,FILEMIS: Cannot find the provided file task.
irun: *E,FMUK: The type of the file (pointer_wraparound;) could not be determined.
irun: *E,FILEMIS: Cannot find the provided file pointer_wraparound;.
irun: *E,FMUK: The type of the file (integer) could not be determined.
irun: *E,FILEMIS: Cannot find the provided file integer.
irun: *E,FMUK: The type of the file (i;) could not be determined.
irun: *E,FILEMIS: Cannot find the provided file i;.
irun: *E,FMUK: The type of the file (begin) could not be determined.
irun: *E,FILEMIS: Cannot find the provided file begin.
irun: *E,FMUK: The type of the file ( Pointer Wrap-Around);) could not be determined.
irun: *E,FILEMIS: Cannot find the provided file  Pointer Wrap-Around);.
irun: *E,FMUK: The type of the file (for) could not be determined.
irun: *E,FILEMIS: Cannot find the provided file for.
irun: *E,FMUK: The type of the file ((i) could not be determined.
irun: *E,FILEMIS: Cannot find the provided file (i.
irun: *E,FMUK: The type of the file (=) could not be determined.
irun: *E,FILEMIS: Cannot find the provided file =.
irun: *E,FMUK: The type of the file (0;) could not be determined.
irun: *E,FILEMIS: Cannot find the provided file 0;.
irun: *E,FMUK: The type of the file (i) could not be determined.
irun: *E,FILEMIS: Cannot find the provided file i.
irun: *E,FMUK: The type of the file (<) could not be determined.
irun: *E,FILEMIS: Cannot find the provided file <.
irun: *E,FMUK: The type of the file (8;) could not be determined.
irun: *E,FILEMIS: Cannot find the provided file 8;.
irun: *E,FMUK: The type of the file (i++)) could not be determined.
irun: *E,FILEMIS: Cannot find the provided file i++).
irun: *E,FMUK: The type of the file (begin) could not be determined.
irun: *E,FILEMIS: Cannot find the provided file begin.
irun: *E,FMUK: The type of the file (@(posedge) could not be determined.
irun: *E,FILEMIS: Cannot find the provided file @(posedge.
irun: *E,FMUK: The type of the file (clk);) could not be determined.
irun: *E,FILEMIS: Cannot find the provided file clk);.
irun: *E,FMUK: The type of the file (write_en) could not be determined.
irun: *E,FILEMIS: Cannot find the provided file write_en.
irun: *E,FMUK: The type of the file (=) could not be determined.
irun: *E,FILEMIS: Cannot find the provided file =.
irun: *E,FMUK: The type of the file (1;) could not be determined.
irun: *E,FILEMIS: Cannot find the provided file 1;.
irun: *E,FMUK: The type of the file (data_in) could not be determined.
irun: *E,FILEMIS: Cannot find the provided file data_in.
irun: *E,FMUK: The type of the file (=) could not be determined.
irun: *E,FILEMIS: Cannot find the provided file =.
irun: *E,FMUK: The type of the file (i) could not be determined.
irun: *E,FILEMIS: Cannot find the provided file i.
irun: *E,FMUK: The type of the file (30;) could not be determined.
irun: *E,FILEMIS: Cannot find the provided file 30;.
irun: *E,FMUK: The type of the file (end) could not be determined.
irun: *E,FILEMIS: Cannot find the provided file end.
irun: *E,FMUK: The type of the file (write_en) could not be determined.
irun: *E,FILEMIS: Cannot find the provided file write_en.
irun: *E,FMUK: The type of the file (=) could not be determined.
irun: *E,FILEMIS: Cannot find the provided file =.
irun: *E,FMUK: The type of the file (0;) could not be determined.
irun: *E,FILEMIS: Cannot find the provided file 0;.
irun: *E,FMUK: The type of the file (for) could not be determined.
irun: *E,FILEMIS: Cannot find the provided file for.
irun: *E,FMUK: The type of the file ((i) could not be determined.
irun: *E,FILEMIS: Cannot find the provided file (i.
irun: *E,FMUK: The type of the file (=) could not be determined.
irun: *E,FILEMIS: Cannot find the provided file =.
irun: *E,FMUK: The type of the file (0;) could not be determined.
irun: *E,FILEMIS: Cannot find the provided file 0;.
irun: *E,FMUK: The type of the file (i) could not be determined.
irun: *E,FILEMIS: Cannot find the provided file i.
irun: *E,FMUK: The type of the file (<) could not be determined.
irun: *E,FILEMIS: Cannot find the provided file <.
irun: *E,FMUK: The type of the file (4;) could not be determined.
irun: *E,FILEMIS: Cannot find the provided file 4;.
irun: *E,FMUK: The type of the file (i++)) could not be determined.
irun: *E,FILEMIS: Cannot find the provided file i++).
irun: *E,FMUK: The type of the file (begin) could not be determined.
irun: *E,FILEMIS: Cannot find the provided file begin.
irun: *E,FMUK: The type of the file (@(posedge) could not be determined.
irun: *E,FILEMIS: Cannot find the provided file @(posedge.
irun: *E,FMUK: The type of the file (clk);) could not be determined.
irun: *E,FILEMIS: Cannot find the provided file clk);.
irun: *E,FMUK: The type of the file (read_en) could not be determined.
irun: *E,FILEMIS: Cannot find the provided file read_en.
irun: *E,FMUK: The type of the file (=) could not be determined.
irun: *E,FILEMIS: Cannot find the provided file =.
irun: *E,FMUK: The type of the file (1;) could not be determined.
irun: *E,FILEMIS: Cannot find the provided file 1;.
irun: *E,FMUK: The type of the file (end) could not be determined.
irun: *E,FILEMIS: Cannot find the provided file end.
irun: *E,FMUK: The type of the file (read_en) could not be determined.
irun: *E,FILEMIS: Cannot find the provided file read_en.
irun: *E,FMUK: The type of the file (=) could not be determined.
irun: *E,FILEMIS: Cannot find the provided file =.
irun: *E,FMUK: The type of the file (0;) could not be determined.
irun: *E,FILEMIS: Cannot find the provided file 0;.
irun: *E,FMUK: The type of the file (for) could not be determined.
irun: *E,FILEMIS: Cannot find the provided file for.
irun: *E,FMUK: The type of the file ((i) could not be determined.
irun: *E,FILEMIS: Cannot find the provided file (i.
irun: *E,FMUK: The type of the file (=) could not be determined.
irun: *E,FILEMIS: Cannot find the provided file =.
irun: *E,FMUK: The type of the file (0;) could not be determined.
irun: *E,FILEMIS: Cannot find the provided file 0;.
irun: *E,FMUK: The type of the file (i) could not be determined.
irun: *E,FILEMIS: Cannot find the provided file i.
irun: *E,FMUK: The type of the file (<) could not be determined.
irun: *E,FILEMIS: Cannot find the provided file <.
irun: *E,FMUK: The type of the file (4;) could not be determined.
irun: *E,FILEMIS: Cannot find the provided file 4;.
irun: *E,FMUK: The type of the file (i++)) could not be determined.
irun: *E,FILEMIS: Cannot find the provided file i++).
irun: *E,FMUK: The type of the file (begin) could not be determined.
irun: *E,FILEMIS: Cannot find the provided file begin.
irun: *E,FMUK: The type of the file (@(posedge) could not be determined.
irun: *E,FILEMIS: Cannot find the provided file @(posedge.
irun: *E,FMUK: The type of the file (clk);) could not be determined.
irun: *E,FILEMIS: Cannot find the provided file clk);.
irun: *E,FMUK: The type of the file (write_en) could not be determined.
irun: *E,FILEMIS: Cannot find the provided file write_en.
irun: *E,FMUK: The type of the file (=) could not be determined.
irun: *E,FILEMIS: Cannot find the provided file =.
irun: *E,FMUK: The type of the file (1;) could not be determined.
irun: *E,FILEMIS: Cannot find the provided file 1;.
irun: *E,FMUK: The type of the file (data_in) could not be determined.
irun: *E,FILEMIS: Cannot find the provided file data_in.
irun: *E,FMUK: The type of the file (=) could not be determined.
irun: *E,FILEMIS: Cannot find the provided file =.
irun: *E,FMUK: The type of the file (i) could not be determined.
irun: *E,FILEMIS: Cannot find the provided file i.
irun: *E,FMUK: The type of the file (40;) could not be determined.
irun: *E,FILEMIS: Cannot find the provided file 40;.
irun: *E,FMUK: The type of the file (end) could not be determined.
irun: *E,FILEMIS: Cannot find the provided file end.
irun: *E,FMUK: The type of the file (write_en) could not be determined.
irun: *E,FILEMIS: Cannot find the provided file write_en.
irun: *E,FMUK: The type of the file (=) could not be determined.
irun: *E,FILEMIS: Cannot find the provided file =.
irun: *E,FMUK: The type of the file (0;) could not be determined.
irun: *E,FILEMIS: Cannot find the provided file 0;.
irun: *E,FMUK: The type of the file ( Pointer wrap-around executed);) could not be determined.
irun: *E,FILEMIS: Cannot find the provided file  Pointer wrap-around executed);.
irun: *E,FMUK: The type of the file (end) could not be determined.
irun: *E,FILEMIS: Cannot find the provided file end.
irun: *E,FMUK: The type of the file (endtask) could not be determined.
irun: *E,FILEMIS: Cannot find the provided file endtask.
irun: *E,FMUK: The type of the file (task) could not be determined.
irun: *E,FILEMIS: Cannot find the provided file task.
irun: *E,FMUK: The type of the file (random_stress;) could not be determined.
irun: *E,FILEMIS: Cannot find the provided file random_stress;.
irun: *E,FMUK: The type of the file (integer) could not be determined.
irun: *E,FILEMIS: Cannot find the provided file integer.
irun: *E,FMUK: The type of the file (i;) could not be determined.
irun: *E,FILEMIS: Cannot find the provided file i;.
irun: *E,FMUK: The type of the file (begin) could not be determined.
irun: *E,FILEMIS: Cannot find the provided file begin.
irun: *E,FMUK: The type of the file ( Random Read/Write Stress);) could not be determined.
irun: *E,FILEMIS: Cannot find the provided file  Random Read/Write Stress);.
irun: *E,FMUK: The type of the file (for) could not be determined.
irun: *E,FILEMIS: Cannot find the provided file for.
irun: *E,FMUK: The type of the file ((i) could not be determined.
irun: *E,FILEMIS: Cannot find the provided file (i.
irun: *E,FMUK: The type of the file (=) could not be determined.
irun: *E,FILEMIS: Cannot find the provided file =.
irun: *E,FMUK: The type of the file (0;) could not be determined.
irun: *E,FILEMIS: Cannot find the provided file 0;.
irun: *E,FMUK: The type of the file (i) could not be determined.
irun: *E,FILEMIS: Cannot find the provided file i.
irun: *E,FMUK: The type of the file (<) could not be determined.
irun: *E,FILEMIS: Cannot find the provided file <.
irun: *E,FMUK: The type of the file (20;) could not be determined.
irun: *E,FILEMIS: Cannot find the provided file 20;.
irun: *E,FMUK: The type of the file (i++)) could not be determined.
irun: *E,FILEMIS: Cannot find the provided file i++).
irun: *E,FMUK: The type of the file (begin) could not be determined.
irun: *E,FILEMIS: Cannot find the provided file begin.
irun: *E,FMUK: The type of the file (@(posedge) could not be determined.
irun: *E,FILEMIS: Cannot find the provided file @(posedge.
irun: *E,FMUK: The type of the file (clk);) could not be determined.
irun: *E,FILEMIS: Cannot find the provided file clk);.
irun: *E,FMUK: The type of the file (write_en) could not be determined.
irun: *E,FILEMIS: Cannot find the provided file write_en.
irun: *E,FMUK: The type of the file (=) could not be determined.
irun: *E,FILEMIS: Cannot find the provided file =.
irun: *E,FMUK: The type of the file (%) could not be determined.
irun: *E,FILEMIS: Cannot find the provided file %.
irun: *E,FMUK: The type of the file (2;) could not be determined.
irun: *E,FILEMIS: Cannot find the provided file 2;.
irun: *E,FMUK: The type of the file (read_en) could not be determined.
irun: *E,FILEMIS: Cannot find the provided file read_en.
irun: *E,FMUK: The type of the file (=) could not be determined.
irun: *E,FILEMIS: Cannot find the provided file =.
irun: *E,FMUK: The type of the file (%) could not be determined.
irun: *E,FILEMIS: Cannot find the provided file %.
irun: *E,FMUK: The type of the file (2;) could not be determined.
irun: *E,FILEMIS: Cannot find the provided file 2;.
irun: *E,FMUK: The type of the file (data_in) could not be determined.
irun: *E,FILEMIS: Cannot find the provided file data_in.
irun: *E,FMUK: The type of the file (=) could not be determined.
irun: *E,FILEMIS: Cannot find the provided file =.
irun: *E,FMUK: The type of the file (%) could not be determined.
irun: *E,FILEMIS: Cannot find the provided file %.
irun: *E,FMUK: The type of the file (256;) could not be determined.
irun: *E,FILEMIS: Cannot find the provided file 256;.
irun: *E,FMUK: The type of the file (end) could not be determined.
irun: *E,FILEMIS: Cannot find the provided file end.
irun: *E,FMUK: The type of the file (write_en) could not be determined.
irun: *E,FILEMIS: Cannot find the provided file write_en.
irun: *E,FMUK: The type of the file (=) could not be determined.
irun: *E,FILEMIS: Cannot find the provided file =.
irun: *E,FMUK: The type of the file (0;) could not be determined.
irun: *E,FILEMIS: Cannot find the provided file 0;.
irun: *E,FMUK: The type of the file (read_en) could not be determined.
irun: *E,FILEMIS: Cannot find the provided file read_en.
irun: *E,FMUK: The type of the file (=) could not be determined.
irun: *E,FILEMIS: Cannot find the provided file =.
irun: *E,FMUK: The type of the file (0;) could not be determined.
irun: *E,FILEMIS: Cannot find the provided file 0;.
irun: *E,FMUK: The type of the file ( Random stress done);) could not be determined.
irun: *E,FILEMIS: Cannot find the provided file  Random stress done);.
irun: *E,FMUK: The type of the file (end) could not be determined.
irun: *E,FILEMIS: Cannot find the provided file end.
irun: *E,FMUK: The type of the file (endtask) could not be determined.
irun: *E,FILEMIS: Cannot find the provided file endtask.
irun: *E,FMUK: The type of the file (initial) could not be determined.
irun: *E,FILEMIS: Cannot find the provided file initial.
irun: *E,FMUK: The type of the file (begin) could not be determined.
irun: *E,FILEMIS: Cannot find the provided file begin.
irun: *E,FMUK: The type of the file (clk) could not be determined.
irun: *E,FILEMIS: Cannot find the provided file clk.
irun: *E,FMUK: The type of the file (=) could not be determined.
irun: *E,FILEMIS: Cannot find the provided file =.
irun: *E,FMUK: The type of the file (0;) could not be determined.
irun: *E,FILEMIS: Cannot find the provided file 0;.
irun: *E,FMUK: The type of the file (reset) could not be determined.
irun: *E,FILEMIS: Cannot find the provided file reset.
irun: *E,FMUK: The type of the file (=) could not be determined.
irun: *E,FILEMIS: Cannot find the provided file =.
irun: *E,FMUK: The type of the file (0;) could not be determined.
irun: *E,FILEMIS: Cannot find the provided file 0;.
irun: *E,FMUK: The type of the file (write_en) could not be determined.
irun: *E,FILEMIS: Cannot find the provided file write_en.
irun: *E,FMUK: The type of the file (=) could not be determined.
irun: *E,FILEMIS: Cannot find the provided file =.
irun: *E,FMUK: The type of the file (0;) could not be determined.
irun: *E,FILEMIS: Cannot find the provided file 0;.
irun: *E,FMUK: The type of the file (read_en) could not be determined.
irun: *E,FILEMIS: Cannot find the provided file read_en.
irun: *E,FMUK: The type of the file (=) could not be determined.
irun: *E,FILEMIS: Cannot find the provided file =.
irun: *E,FMUK: The type of the file (0;) could not be determined.
irun: *E,FILEMIS: Cannot find the provided file 0;.
irun: *E,FMUK: The type of the file (data_in) could not be determined.
irun: *E,FILEMIS: Cannot find the provided file data_in.
irun: *E,FMUK: The type of the file (=) could not be determined.
irun: *E,FILEMIS: Cannot find the provided file =.
irun: *E,FMUK: The type of the file (0;) could not be determined.
irun: *E,FILEMIS: Cannot find the provided file 0;.
irun: *E,FMUK: The type of the file (reset_fifo();) could not be determined.
irun: *E,FILEMIS: Cannot find the provided file reset_fifo();.
irun: *E,FMUK: The type of the file (write_till_full();) could not be determined.
irun: *E,FILEMIS: Cannot find the provided file write_till_full();.
irun: *E,FMUK: The type of the file (write_on_full();) could not be determined.
irun: *E,FILEMIS: Cannot find the provided file write_on_full();.
irun: *E,FMUK: The type of the file (read_till_empty();) could not be determined.
irun: *E,FILEMIS: Cannot find the provided file read_till_empty();.
irun: *E,FMUK: The type of the file (read_on_empty();) could not be determined.
irun: *E,FILEMIS: Cannot find the provided file read_on_empty();.
irun: *E,FMUK: The type of the file (write_read_alternation();) could not be determined.
irun: *E,FILEMIS: Cannot find the provided file write_read_alternation();.
irun: *E,FMUK: The type of the file (concurrent_write_read();) could not be determined.
irun: *E,FILEMIS: Cannot find the provided file concurrent_write_read();.
irun: *E,FMUK: The type of the file (reset_during_operation();) could not be determined.
irun: *E,FILEMIS: Cannot find the provided file reset_during_operation();.
irun: *E,FMUK: The type of the file (pointer_wraparound();) could not be determined.
irun: *E,FILEMIS: Cannot find the provided file pointer_wraparound();.
irun: *E,FMUK: The type of the file (random_stress();) could not be determined.
irun: *E,FILEMIS: Cannot find the provided file random_stress();.
irun: *E,FMUK: The type of the file ( tests completed);) could not be determined.
irun: *E,FILEMIS: Cannot find the provided file  tests completed);.
irun: *E,FMUK: The type of the file (end) could not be determined.
irun: *E,FILEMIS: Cannot find the provided file end.
irun: *E,FMUK: The type of the file (endmodule) could not be determined.
irun: *E,FILEMIS: Cannot find the provided file endmodule.
TOOL:	irun(64)	15.20-s051: Exiting on Mar 19, 2019 at 08:07:48 IST  (total: 00:00:01)
